------------------------------------------------------------
Timing Analyzer Summary
------------------------------------------------------------

Type  : Slow 1200mV 85C Model Setup 'clk'
Slack : 3.604
TNS   : 0.000

Type  : Slow 1200mV 85C Model Setup 'ADC_Conversion_ins|u0|altpll_sys|sd1|pll7|clk[0]'
Slack : 30.354
TNS   : 0.000

Type  : Slow 1200mV 85C Model Hold 'clk'
Slack : 0.341
TNS   : 0.000

Type  : Slow 1200mV 85C Model Hold 'ADC_Conversion_ins|u0|altpll_sys|sd1|pll7|clk[0]'
Slack : 0.347
TNS   : 0.000

Type  : Slow 1200mV 85C Model Recovery 'ADC_Conversion_ins|u0|altpll_sys|sd1|pll7|clk[0]'
Slack : 38.041
TNS   : 0.000

Type  : Slow 1200mV 85C Model Removal 'ADC_Conversion_ins|u0|altpll_sys|sd1|pll7|clk[0]'
Slack : 1.151
TNS   : 0.000

Type  : Slow 1200mV 85C Model Minimum Pulse Width 'clk'
Slack : 9.687
TNS   : 0.000

Type  : Slow 1200mV 85C Model Minimum Pulse Width 'ADC_Conversion_ins|u0|altpll_sys|sd1|pll7|clk[0]'
Slack : 19.729
TNS   : 0.000

Type  : Slow 1200mV 85C Model Minimum Pulse Width 'ADC_Conversion_ins|u0|altpll_sys|sd1|pll7|clk[1]'
Slack : 244.575
TNS   : 0.000

Type  : Slow 1200mV 0C Model Setup 'clk'
Slack : 4.984
TNS   : 0.000

Type  : Slow 1200mV 0C Model Setup 'ADC_Conversion_ins|u0|altpll_sys|sd1|pll7|clk[0]'
Slack : 31.062
TNS   : 0.000

Type  : Slow 1200mV 0C Model Hold 'clk'
Slack : 0.306
TNS   : 0.000

Type  : Slow 1200mV 0C Model Hold 'ADC_Conversion_ins|u0|altpll_sys|sd1|pll7|clk[0]'
Slack : 0.311
TNS   : 0.000

Type  : Slow 1200mV 0C Model Recovery 'ADC_Conversion_ins|u0|altpll_sys|sd1|pll7|clk[0]'
Slack : 38.196
TNS   : 0.000

Type  : Slow 1200mV 0C Model Removal 'ADC_Conversion_ins|u0|altpll_sys|sd1|pll7|clk[0]'
Slack : 1.066
TNS   : 0.000

Type  : Slow 1200mV 0C Model Minimum Pulse Width 'clk'
Slack : 9.711
TNS   : 0.000

Type  : Slow 1200mV 0C Model Minimum Pulse Width 'ADC_Conversion_ins|u0|altpll_sys|sd1|pll7|clk[0]'
Slack : 19.717
TNS   : 0.000

Type  : Slow 1200mV 0C Model Minimum Pulse Width 'ADC_Conversion_ins|u0|altpll_sys|sd1|pll7|clk[1]'
Slack : 244.631
TNS   : 0.000

Type  : Fast 1200mV 0C Model Setup 'clk'
Slack : 13.006
TNS   : 0.000

Type  : Fast 1200mV 0C Model Setup 'ADC_Conversion_ins|u0|altpll_sys|sd1|pll7|clk[0]'
Slack : 35.073
TNS   : 0.000

Type  : Fast 1200mV 0C Model Hold 'clk'
Slack : 0.148
TNS   : 0.000

Type  : Fast 1200mV 0C Model Hold 'ADC_Conversion_ins|u0|altpll_sys|sd1|pll7|clk[0]'
Slack : 0.152
TNS   : 0.000

Type  : Fast 1200mV 0C Model Recovery 'ADC_Conversion_ins|u0|altpll_sys|sd1|pll7|clk[0]'
Slack : 39.067
TNS   : 0.000

Type  : Fast 1200mV 0C Model Removal 'ADC_Conversion_ins|u0|altpll_sys|sd1|pll7|clk[0]'
Slack : 0.492
TNS   : 0.000

Type  : Fast 1200mV 0C Model Minimum Pulse Width 'clk'
Slack : 9.461
TNS   : 0.000

Type  : Fast 1200mV 0C Model Minimum Pulse Width 'ADC_Conversion_ins|u0|altpll_sys|sd1|pll7|clk[0]'
Slack : 19.777
TNS   : 0.000

Type  : Fast 1200mV 0C Model Minimum Pulse Width 'ADC_Conversion_ins|u0|altpll_sys|sd1|pll7|clk[1]'
Slack : 244.903
TNS   : 0.000

------------------------------------------------------------
